2025-07-03 03:44:58.571 [info] [main] Log level: Info
2025-07-03 03:44:58.571 [info] [main] Validating found git in: "C:\Program Files\Git\cmd\git.exe"
2025-07-03 03:44:58.571 [info] [main] Using git "2.50.0.windows.1" from "C:\Program Files\Git\cmd\git.exe"
2025-07-03 03:44:58.571 [info] [Model][doInitialScan] Initial repository scan started
2025-07-03 03:44:58.571 [info] > git rev-parse --show-toplevel [176ms]
2025-07-03 03:45:03.904 [info] > git rev-parse --git-dir --git-common-dir [5346ms]
2025-07-03 03:45:03.945 [info] [Model][openRepository] Opened repository (path): c:\Users\HP\Documents\GitHub\docs.worktrees\n8n
2025-07-03 03:45:03.945 [info] [Model][openRepository] Opened repository (real path): c:\Users\HP\Documents\GitHub\docs.worktrees\n8n
2025-07-03 03:45:05.242 [info] > git rev-parse --show-toplevel [458ms]
2025-07-03 03:45:05.243 [info] > git config --get commit.template [464ms]
2025-07-03 03:45:05.764 [info] > git for-each-ref --format=%(refname)%00%(upstream:short)%00%(objectname)%00%(upstream:track)%00%(upstream:remotename)%00%(upstream:remoteref) --ignore-case refs/heads/n8n refs/remotes/n8n [438ms]
2025-07-03 03:45:05.780 [info] > git rev-parse --show-toplevel [511ms]
2025-07-03 03:45:06.183 [info] > git rev-parse --show-toplevel [387ms]
2025-07-03 03:45:06.183 [info] > git for-each-ref --sort -committerdate --format %(refname)%00%(objectname)%00%(*objectname) [403ms]
2025-07-03 03:45:06.197 [info] > git check-ignore -v -z --stdin [526ms]
2025-07-03 03:45:06.848 [info] > git status -z -uall [1077ms]
2025-07-03 03:45:06.952 [info] > git rev-parse --show-toplevel [748ms]
2025-07-03 03:45:07.142 [info] > git for-each-ref --format=%(refname)%00%(upstream:short)%00%(objectname)%00%(upstream:track)%00%(upstream:remotename)%00%(upstream:remoteref) --ignore-case refs/heads/n8n refs/remotes/n8n [198ms]
2025-07-03 03:45:07.245 [info] > git rev-parse --show-toplevel [230ms]
2025-07-03 03:45:07.246 [info] > git config --get commit.template [234ms]
2025-07-03 03:45:07.315 [info] > git for-each-ref --format=%(refname)%00%(upstream:short)%00%(objectname)%00%(upstream:track)%00%(upstream:remotename)%00%(upstream:remoteref) --ignore-case refs/heads/n8n refs/remotes/n8n [285ms]
2025-07-03 03:45:07.391 [info] > git config --get --local branch.n8n.vscode-merge-base [241ms]
2025-07-03 03:45:07.476 [info] > git rev-parse --show-toplevel [226ms]
2025-07-03 03:45:07.542 [info] > git for-each-ref --sort -committerdate --format %(refname)%00%(objectname)%00%(*objectname) [216ms]
2025-07-03 03:45:07.621 [info] > git for-each-ref --format=%(refname)%00%(upstream:short)%00%(objectname)%00%(upstream:track)%00%(upstream:remotename)%00%(upstream:remoteref) --ignore-case refs/heads/origin/published-update refs/remotes/origin/published-update [225ms]
2025-07-03 03:45:07.673 [info] > git rev-parse --show-toplevel [192ms]
2025-07-03 03:45:07.774 [info] > git rev-parse --show-toplevel [96ms]
2025-07-03 03:45:07.882 [info] > git rev-parse --show-toplevel [103ms]
2025-07-03 03:45:07.898 [info] > git status -z -uall [579ms]
2025-07-03 03:45:07.991 [info] > git rev-parse --show-toplevel [104ms]
2025-07-03 03:45:08.084 [info] > git rev-parse --show-toplevel [88ms]
2025-07-03 03:45:08.409 [info] > git rev-parse --show-toplevel [320ms]
2025-07-03 03:45:08.412 [info] [Model][doInitialScan] Initial repository scan completed - repositories (1), closed repositories (0), parent repositories (0), unsafe repositories (0)
2025-07-03 03:45:08.663 [info] > git for-each-ref --format=%(refname)%00%(upstream:short)%00%(objectname)%00%(upstream:track)%00%(upstream:remotename)%00%(upstream:remoteref) --ignore-case refs/heads/n8n refs/remotes/n8n [232ms]
2025-07-03 03:45:08.664 [info] > git config --get commit.template [238ms]
2025-07-03 03:45:08.806 [info] > git for-each-ref --sort -committerdate --format %(refname)%00%(objectname)%00%(*objectname) [133ms]
2025-07-03 03:45:09.020 [info] > git status -z -uall [354ms]
2025-07-03 03:51:39.928 [info] > git check-ignore -v -z --stdin [963ms]
2025-07-03 03:51:41.123 [info] > git show --textconv :content/manuals/build/builders/drivers/docker.md [1406ms]
2025-07-03 03:51:41.338 [info] > git ls-files --stage -- content/manuals/build/builders/drivers/docker.md [1608ms]
2025-07-03 03:51:41.976 [info] > git check-ignore -v -z --stdin [1418ms]
2025-07-03 03:51:42.335 [info] > git cat-file -s 91fe317c22b155283e3c2b077a7fa581c4f9bba6 [988ms]
2025-07-03 03:52:19.523 [info] > git check-ignore -v -z --stdin [89ms]
2025-07-03 03:52:20.351 [info] > git check-ignore -v -z --stdin [72ms]
2025-07-03 03:52:23.236 [info] > git check-ignore -v -z --stdin [72ms]
2025-07-03 03:52:35.296 [info] > git blame --root --incremental e1c6b0a93e0855ecdcdc44560973826180088e72 -- content/manuals/build/builders/drivers/docker.md [793ms]
2025-07-03 03:55:50.083 [info] > git check-ignore -v -z --stdin [93ms]
2025-07-03 03:56:13.978 [info] > git check-ignore -v -z --stdin [86ms]
2025-07-03 03:56:20.415 [info] > git log --format=%H%n%aN%n%aE%n%at%n%ct%n%P%n%D%n%B -z --shortstat --diff-merges=first-parent -n50 --skip=0 --topo-order --decorate=full --stdin [1237ms]
2025-07-03 03:56:23.627 [info] > git diff-tree -r --name-status -z --diff-filter=ADMR --find-renames=50% 1da5f51da8a9c40c4318c8cec90b3939f0a25ca2 e1c6b0a93e0855ecdcdc44560973826180088e72 [88ms]
2025-07-03 03:56:24.245 [info] > git check-ignore -v -z --stdin [78ms]
2025-07-03 03:56:25.695 [info] > git diff-tree -r --name-status -z --diff-filter=ADMR --find-renames=50% 1da5f51da8a9c40c4318c8cec90b3939f0a25ca2 e1c6b0a93e0855ecdcdc44560973826180088e72 [146ms]
2025-07-03 03:56:26.230 [info] > git show --textconv 1da5f51da8a9c40c4318c8cec90b3939f0a25ca2:content/manuals/admin/organization/insights.md [519ms]
2025-07-03 03:56:26.232 [info] > git ls-tree -l 1da5f51da8a9c40c4318c8cec90b3939f0a25ca2 -- content/manuals/ai/model-runner/_index.md [445ms]
2025-07-03 03:56:26.235 [info] > git show --textconv 1da5f51da8a9c40c4318c8cec90b3939f0a25ca2:content/manuals/ai/model-runner/_index.md [508ms]
2025-07-03 03:56:26.270 [info] > git show --textconv 1da5f51da8a9c40c4318c8cec90b3939f0a25ca2:hugo_stats.json [510ms]
2025-07-03 03:56:26.271 [info] > git ls-tree -l e1c6b0a93e0855ecdcdc44560973826180088e72 -- content/manuals/admin/organization/insights.md [491ms]
2025-07-03 03:56:26.272 [info] > git show --textconv 1da5f51da8a9c40c4318c8cec90b3939f0a25ca2:content/manuals/docker-hub/image-library/catalogs.md [530ms]
2025-07-03 03:56:26.320 [info] > git ls-tree -l e1c6b0a93e0855ecdcdc44560973826180088e72 -- content/manuals/ai/model-runner/_index.md [525ms]
2025-07-03 03:56:26.322 [info] > git show --textconv e1c6b0a93e0855ecdcdc44560973826180088e72:content/manuals/ai/model-runner/_index.md [588ms]
2025-07-03 03:56:26.384 [info] > git show --textconv e1c6b0a93e0855ecdcdc44560973826180088e72:content/manuals/admin/organization/insights.md [667ms]
2025-07-03 03:56:26.421 [info] > git show --textconv e1c6b0a93e0855ecdcdc44560973826180088e72:content/manuals/docker-hub/image-library/catalogs.md [670ms]
2025-07-03 03:56:26.423 [info] > git ls-tree -l 1da5f51da8a9c40c4318c8cec90b3939f0a25ca2 -- content/manuals/admin/organization/insights.md [650ms]
2025-07-03 03:56:26.438 [info] > git show --textconv e1c6b0a93e0855ecdcdc44560973826180088e72:hugo_stats.json [671ms]
2025-07-03 03:56:26.453 [info] > git ls-tree -l 1da5f51da8a9c40c4318c8cec90b3939f0a25ca2 -- content/manuals/docker-hub/image-library/catalogs.md [650ms]
2025-07-03 03:56:26.473 [info] > git ls-tree -l e1c6b0a93e0855ecdcdc44560973826180088e72 -- content/manuals/docker-hub/image-library/catalogs.md [662ms]
2025-07-03 03:56:26.478 [info] > git ls-tree -l 1da5f51da8a9c40c4318c8cec90b3939f0a25ca2 -- hugo_stats.json [659ms]
2025-07-03 03:56:26.486 [info] > git ls-tree -l e1c6b0a93e0855ecdcdc44560973826180088e72 -- hugo_stats.json [660ms]
2025-07-03 03:56:26.698 [info] > git check-ignore -v -z --stdin [607ms]
2025-07-03 03:56:50.406 [info] > git check-ignore -v -z --stdin [303ms]
2025-07-03 03:57:47.704 [info] > git show --textconv :content/manuals/build/builders/drivers/docker.md [398ms]
2025-07-03 03:57:47.707 [info] > git ls-files --stage -- content/manuals/build/builders/drivers/docker.md [389ms]
2025-07-03 03:57:47.867 [info] > git cat-file -s 91fe317c22b155283e3c2b077a7fa581c4f9bba6 [149ms]
2025-07-03 03:57:50.880 [info] > git diff-tree -r --name-status -z --diff-filter=ADMR --find-renames=50% d45b654ab728363041cfe8a93df4ce187696939a 3d6ad93eafa1e01cc88c66e0730d9cfc19ac778d [97ms]
2025-07-03 03:57:51.498 [info] > git check-ignore -v -z --stdin [79ms]
2025-07-03 03:58:46.367 [info] > git ls-tree -l e1c6b0a93e0855ecdcdc44560973826180088e72 -- content/manuals/admin/organization/insights.md [193ms]
2025-07-03 03:58:46.376 [info] > git ls-tree -l 1da5f51da8a9c40c4318c8cec90b3939f0a25ca2 -- content/manuals/admin/organization/insights.md [216ms]
2025-07-03 03:58:46.377 [info] > git ls-tree -l 1da5f51da8a9c40c4318c8cec90b3939f0a25ca2 -- content/manuals/ai/model-runner/_index.md [194ms]
2025-07-03 03:58:46.393 [info] > git ls-tree -l e1c6b0a93e0855ecdcdc44560973826180088e72 -- content/manuals/ai/model-runner/_index.md [201ms]
2025-07-03 03:58:49.547 [info] > git for-each-ref --sort -committerdate --format %(refname)%00%(objectname)%00%(*objectname)%00%(parent)%00%(*parent)%00%(authorname)%00%(*authorname)%00%(committerdate:unix)%00%(*committerdate:unix)%00%(subject)%00%(*subject)%00%(upstream:track) [87ms]
2025-07-03 03:58:57.267 [info] > git checkout -q n8n [456ms]
2025-07-03 03:58:57.376 [info] > git config --get commit.template [104ms]
2025-07-03 03:58:57.387 [info] > git for-each-ref --format=%(refname)%00%(upstream:short)%00%(objectname)%00%(upstream:track)%00%(upstream:remotename)%00%(upstream:remoteref) --ignore-case refs/heads/n8n refs/remotes/n8n [112ms]
2025-07-03 03:58:57.533 [info] > git for-each-ref --sort -committerdate --format %(refname)%00%(objectname)%00%(*objectname) [138ms]
2025-07-03 03:58:57.560 [info] > git status -z -uall [170ms]
2025-07-03 03:58:58.855 [info] > git ls-tree -l 1da5f51da8a9c40c4318c8cec90b3939f0a25ca2 -- content/manuals/admin/organization/insights.md [302ms]
2025-07-03 03:58:58.872 [info] > git ls-tree -l e1c6b0a93e0855ecdcdc44560973826180088e72 -- content/manuals/admin/organization/insights.md [312ms]
2025-07-03 03:58:58.920 [info] > git ls-tree -l 1da5f51da8a9c40c4318c8cec90b3939f0a25ca2 -- hugo_stats.json [327ms]
2025-07-03 03:58:58.921 [info] > git ls-tree -l e1c6b0a93e0855ecdcdc44560973826180088e72 -- content/manuals/docker-hub/image-library/catalogs.md [335ms]
2025-07-03 03:58:58.929 [info] > git ls-tree -l e1c6b0a93e0855ecdcdc44560973826180088e72 -- content/manuals/ai/model-runner/_index.md [357ms]
2025-07-03 03:58:58.955 [info] > git ls-tree -l 1da5f51da8a9c40c4318c8cec90b3939f0a25ca2 -- content/manuals/docker-hub/image-library/catalogs.md [377ms]
2025-07-03 03:58:58.984 [info] > git ls-tree -l 1da5f51da8a9c40c4318c8cec90b3939f0a25ca2 -- content/manuals/ai/model-runner/_index.md [419ms]
2025-07-03 03:58:59.008 [info] > git ls-tree -l e1c6b0a93e0855ecdcdc44560973826180088e72 -- hugo_stats.json [408ms]
2025-07-03 03:58:59.239 [info] > git show --textconv 1da5f51da8a9c40c4318c8cec90b3939f0a25ca2:hugo_stats.json [300ms]
2025-07-03 03:58:59.240 [info] > git show --textconv e1c6b0a93e0855ecdcdc44560973826180088e72:content/manuals/admin/organization/insights.md [361ms]
2025-07-03 03:58:59.263 [info] > git show --textconv 1da5f51da8a9c40c4318c8cec90b3939f0a25ca2:content/manuals/admin/organization/insights.md [400ms]
2025-07-03 03:58:59.301 [info] > git show --textconv 1da5f51da8a9c40c4318c8cec90b3939f0a25ca2:content/manuals/docker-hub/image-library/catalogs.md [338ms]
2025-07-03 03:58:59.304 [info] > git show --textconv e1c6b0a93e0855ecdcdc44560973826180088e72:content/manuals/ai/model-runner/_index.md [351ms]
2025-07-03 03:58:59.307 [info] > git show --textconv 1da5f51da8a9c40c4318c8cec90b3939f0a25ca2:content/manuals/ai/model-runner/_index.md [315ms]
2025-07-03 03:58:59.319 [info] > git show --textconv e1c6b0a93e0855ecdcdc44560973826180088e72:content/manuals/docker-hub/image-library/catalogs.md [374ms]
2025-07-03 03:58:59.339 [info] > git show --textconv e1c6b0a93e0855ecdcdc44560973826180088e72:hugo_stats.json [323ms]
2025-07-03 03:58:59.691 [info] > git config --get commit.template [126ms]
2025-07-03 03:58:59.701 [info] > git for-each-ref --format=%(refname)%00%(upstream:short)%00%(objectname)%00%(upstream:track)%00%(upstream:remotename)%00%(upstream:remoteref) --ignore-case refs/heads/n8n refs/remotes/n8n [129ms]
2025-07-03 03:58:59.858 [info] > git for-each-ref --sort -committerdate --format %(refname)%00%(objectname)%00%(*objectname) [147ms]
2025-07-03 03:58:59.886 [info] > git status -z -uall [179ms]
2025-07-03 03:59:03.254 [info] > git for-each-ref --sort -committerdate --format %(refname)%00%(objectname)%00%(*objectname)%00%(parent)%00%(*parent)%00%(authorname)%00%(*authorname)%00%(committerdate:unix)%00%(*committerdate:unix)%00%(subject)%00%(*subject)%00%(upstream:track) [121ms]
2025-07-03 03:59:09.669 [info] > git checkout -q n8n [412ms]
2025-07-03 03:59:09.831 [info] > git config --get commit.template [149ms]
2025-07-03 03:59:09.843 [info] > git for-each-ref --format=%(refname)%00%(upstream:short)%00%(objectname)%00%(upstream:track)%00%(upstream:remotename)%00%(upstream:remoteref) --ignore-case refs/heads/n8n refs/remotes/n8n [140ms]
2025-07-03 03:59:09.994 [info] > git for-each-ref --sort -committerdate --format %(refname)%00%(objectname)%00%(*objectname) [141ms]
2025-07-03 03:59:10.012 [info] > git status -z -uall [165ms]
2025-07-03 03:59:11.207 [info] > git ls-tree -l 1da5f51da8a9c40c4318c8cec90b3939f0a25ca2 -- content/manuals/docker-hub/image-library/catalogs.md [244ms]
2025-07-03 03:59:11.222 [info] > git ls-tree -l e1c6b0a93e0855ecdcdc44560973826180088e72 -- content/manuals/ai/model-runner/_index.md [264ms]
2025-07-03 03:59:11.231 [info] > git ls-tree -l 1da5f51da8a9c40c4318c8cec90b3939f0a25ca2 -- content/manuals/admin/organization/insights.md [309ms]
2025-07-03 03:59:11.245 [info] > git ls-tree -l e1c6b0a93e0855ecdcdc44560973826180088e72 -- content/manuals/docker-hub/image-library/catalogs.md [276ms]
2025-07-03 03:59:11.260 [info] > git ls-tree -l 1da5f51da8a9c40c4318c8cec90b3939f0a25ca2 -- hugo_stats.json [285ms]
2025-07-03 03:59:11.261 [info] > git ls-tree -l e1c6b0a93e0855ecdcdc44560973826180088e72 -- content/manuals/admin/organization/insights.md [329ms]
2025-07-03 03:59:11.303 [info] > git ls-tree -l 1da5f51da8a9c40c4318c8cec90b3939f0a25ca2 -- content/manuals/ai/model-runner/_index.md [358ms]
2025-07-03 03:59:11.304 [info] > git ls-tree -l e1c6b0a93e0855ecdcdc44560973826180088e72 -- hugo_stats.json [322ms]
2025-07-03 03:59:11.481 [info] > git show --textconv 1da5f51da8a9c40c4318c8cec90b3939f0a25ca2:content/manuals/docker-hub/image-library/catalogs.md [265ms]
2025-07-03 03:59:11.507 [info] > git show --textconv e1c6b0a93e0855ecdcdc44560973826180088e72:content/manuals/ai/model-runner/_index.md [277ms]
2025-07-03 03:59:11.509 [info] > git show --textconv 1da5f51da8a9c40c4318c8cec90b3939f0a25ca2:content/manuals/admin/organization/insights.md [270ms]
2025-07-03 03:59:11.520 [info] > git show --textconv e1c6b0a93e0855ecdcdc44560973826180088e72:content/manuals/docker-hub/image-library/catalogs.md [262ms]
2025-07-03 03:59:11.541 [info] > git show --textconv 1da5f51da8a9c40c4318c8cec90b3939f0a25ca2:hugo_stats.json [271ms]
2025-07-03 03:59:11.561 [info] > git show --textconv e1c6b0a93e0855ecdcdc44560973826180088e72:content/manuals/admin/organization/insights.md [284ms]
2025-07-03 03:59:11.581 [info] > git show --textconv e1c6b0a93e0855ecdcdc44560973826180088e72:hugo_stats.json [264ms]
2025-07-03 03:59:11.587 [info] > git show --textconv 1da5f51da8a9c40c4318c8cec90b3939f0a25ca2:content/manuals/ai/model-runner/_index.md [275ms]
2025-07-03 03:59:12.048 [info] > git config --get commit.template [114ms]
2025-07-03 03:59:12.059 [info] > git for-each-ref --format=%(refname)%00%(upstream:short)%00%(objectname)%00%(upstream:track)%00%(upstream:remotename)%00%(upstream:remoteref) --ignore-case refs/heads/n8n refs/remotes/n8n [108ms]
2025-07-03 03:59:12.182 [info] > git for-each-ref --sort -committerdate --format %(refname)%00%(objectname)%00%(*objectname) [114ms]
2025-07-03 03:59:12.205 [info] > git status -z -uall [142ms]
2025-07-03 03:59:13.038 [info] > git for-each-ref --sort -committerdate --format %(refname)%00%(objectname)%00%(*objectname)%00%(parent)%00%(*parent)%00%(authorname)%00%(*authorname)%00%(committerdate:unix)%00%(*committerdate:unix)%00%(subject)%00%(*subject)%00%(upstream:track) [102ms]
2025-07-03 03:59:22.238 [info] > git checkout -q n8n [293ms]
2025-07-03 03:59:22.352 [info] > git config --get commit.template [107ms]
2025-07-03 03:59:22.374 [info] > git for-each-ref --format=%(refname)%00%(upstream:short)%00%(objectname)%00%(upstream:track)%00%(upstream:remotename)%00%(upstream:remoteref) --ignore-case refs/heads/n8n refs/remotes/n8n [127ms]
2025-07-03 03:59:22.516 [info] > git for-each-ref --sort -committerdate --format %(refname)%00%(objectname)%00%(*objectname) [133ms]
2025-07-03 03:59:22.537 [info] > git status -z -uall [159ms]
2025-07-03 03:59:23.705 [info] > git ls-tree -l 1da5f51da8a9c40c4318c8cec90b3939f0a25ca2 -- content/manuals/admin/organization/insights.md [190ms]
2025-07-03 03:59:23.725 [info] > git ls-tree -l e1c6b0a93e0855ecdcdc44560973826180088e72 -- content/manuals/admin/organization/insights.md [206ms]
2025-07-03 03:59:23.789 [info] > git ls-tree -l 1da5f51da8a9c40c4318c8cec90b3939f0a25ca2 -- content/manuals/ai/model-runner/_index.md [266ms]
2025-07-03 03:59:23.825 [info] > git ls-tree -l 1da5f51da8a9c40c4318c8cec90b3939f0a25ca2 -- content/manuals/docker-hub/image-library/catalogs.md [290ms]
2025-07-03 03:59:23.827 [info] > git ls-tree -l e1c6b0a93e0855ecdcdc44560973826180088e72 -- hugo_stats.json [270ms]
2025-07-03 03:59:23.855 [info] > git ls-tree -l e1c6b0a93e0855ecdcdc44560973826180088e72 -- content/manuals/docker-hub/image-library/catalogs.md [314ms]
2025-07-03 03:59:23.867 [info] > git ls-tree -l e1c6b0a93e0855ecdcdc44560973826180088e72 -- content/manuals/ai/model-runner/_index.md [338ms]
2025-07-03 03:59:23.900 [info] > git ls-tree -l 1da5f51da8a9c40c4318c8cec90b3939f0a25ca2 -- hugo_stats.json [351ms]
2025-07-03 03:59:24.015 [info] > git show --textconv e1c6b0a93e0855ecdcdc44560973826180088e72:content/manuals/admin/organization/insights.md [283ms]
2025-07-03 03:59:24.061 [info] > git show --textconv 1da5f51da8a9c40c4318c8cec90b3939f0a25ca2:content/manuals/admin/organization/insights.md [348ms]
2025-07-03 03:59:24.094 [info] > git show --textconv 1da5f51da8a9c40c4318c8cec90b3939f0a25ca2:content/manuals/ai/model-runner/_index.md [297ms]
2025-07-03 03:59:24.118 [info] > git show --textconv 1da5f51da8a9c40c4318c8cec90b3939f0a25ca2:content/manuals/docker-hub/image-library/catalogs.md [284ms]
2025-07-03 03:59:24.131 [info] > git show --textconv e1c6b0a93e0855ecdcdc44560973826180088e72:hugo_stats.json [290ms]
2025-07-03 03:59:24.149 [info] > git show --textconv e1c6b0a93e0855ecdcdc44560973826180088e72:content/manuals/docker-hub/image-library/catalogs.md [287ms]
2025-07-03 03:59:24.156 [info] > git show --textconv e1c6b0a93e0855ecdcdc44560973826180088e72:content/manuals/ai/model-runner/_index.md [280ms]
2025-07-03 03:59:24.160 [info] > git show --textconv 1da5f51da8a9c40c4318c8cec90b3939f0a25ca2:hugo_stats.json [253ms]
2025-07-03 03:59:24.749 [info] > git config --get commit.template [231ms]
2025-07-03 03:59:24.763 [info] > git for-each-ref --format=%(refname)%00%(upstream:short)%00%(objectname)%00%(upstream:track)%00%(upstream:remotename)%00%(upstream:remoteref) --ignore-case refs/heads/n8n refs/remotes/n8n [237ms]
2025-07-03 03:59:24.931 [info] > git for-each-ref --sort -committerdate --format %(refname)%00%(objectname)%00%(*objectname) [154ms]
2025-07-03 03:59:24.952 [info] > git status -z -uall [183ms]
2025-07-03 03:59:53.568 [info] > git push -u origin n8n [21465ms]
2025-07-03 03:59:53.568 [info] fatal: unable to access 'https://github.com/Davidbn254/docs.git/': Failed to connect to github.com port 443 after 21080 ms: Could not connect to server
2025-07-03 03:59:53.664 [info] > git config --get commit.template [92ms]
2025-07-03 03:59:53.675 [info] > git for-each-ref --format=%(refname)%00%(upstream:short)%00%(objectname)%00%(upstream:track)%00%(upstream:remotename)%00%(upstream:remoteref) --ignore-case refs/heads/n8n refs/remotes/n8n [100ms]
2025-07-03 03:59:53.797 [info] > git for-each-ref --sort -committerdate --format %(refname)%00%(objectname)%00%(*objectname) [113ms]
2025-07-03 03:59:53.814 [info] > git status -z -uall [134ms]
2025-07-03 04:00:08.577 [info] > git ls-tree -l 1da5f51da8a9c40c4318c8cec90b3939f0a25ca2 -- content/manuals/admin/organization/insights.md [275ms]
2025-07-03 04:00:08.585 [info] > git ls-tree -l e1c6b0a93e0855ecdcdc44560973826180088e72 -- content/manuals/admin/organization/insights.md [269ms]
2025-07-03 04:00:08.615 [info] > git ls-tree -l e1c6b0a93e0855ecdcdc44560973826180088e72 -- content/manuals/ai/model-runner/_index.md [261ms]
2025-07-03 04:00:08.616 [info] > git ls-tree -l 1da5f51da8a9c40c4318c8cec90b3939f0a25ca2 -- content/manuals/ai/model-runner/_index.md [291ms]
